[29-Aug-2025 11:41:58 UTC] PHP Warning:  filemtime(): stat failed for D:\Projects\DeMijnGang_Website\LocalWP\app\public/wp-content/themes/understrap/css/theme-bootstrap4.min.css in D:\Projects\DeMijnGang_Website\LocalWP\app\public\wp-content\themes\demijngang\inc\enqueue.php on line 30
[29-Aug-2025 11:41:58 UTC] PHP Warning:  filemtime(): stat failed for D:\Projects\DeMijnGang_Website\LocalWP\app\public/wp-content/themes/understrap/js/theme-bootstrap4.min.js in D:\Projects\DeMijnGang_Website\LocalWP\app\public\wp-content\themes\demijngang\inc\enqueue.php on line 40
[29-Aug-2025 11:41:58 UTC] PHP Warning:  filemtime(): stat failed for D:\Projects\DeMijnGang_Website\LocalWP\app\public/wp-content/themes/understrap/css/theme-bootstrap4.min.css in D:\Projects\DeMijnGang_Website\LocalWP\app\public\wp-content\themes\demijngang\inc\enqueue.php on line 30
[29-Aug-2025 11:41:58 UTC] PHP Warning:  filemtime(): stat failed for D:\Projects\DeMijnGang_Website\LocalWP\app\public/wp-content/themes/understrap/js/theme-bootstrap4.min.js in D:\Projects\DeMijnGang_Website\LocalWP\app\public\wp-content\themes\demijngang\inc\enqueue.php on line 40
[29-Aug-2025 11:41:58 UTC] PHP Warning:  filemtime(): stat failed for D:\Projects\DeMijnGang_Website\LocalWP\app\public/wp-content/themes/understrap/css/theme-bootstrap4.min.css in D:\Projects\DeMijnGang_Website\LocalWP\app\public\wp-content\themes\demijngang\inc\enqueue.php on line 30
[29-Aug-2025 11:41:58 UTC] PHP Warning:  filemtime(): stat failed for D:\Projects\DeMijnGang_Website\LocalWP\app\public/wp-content/themes/understrap/js/theme-bootstrap4.min.js in D:\Projects\DeMijnGang_Website\LocalWP\app\public\wp-content\themes\demijngang\inc\enqueue.php on line 40
[29-Aug-2025 11:42:07 UTC] PHP Warning:  filemtime(): stat failed for D:\Projects\DeMijnGang_Website\LocalWP\app\public/wp-content/themes/understrap/css/theme-bootstrap4.min.css in D:\Projects\DeMijnGang_Website\LocalWP\app\public\wp-content\themes\demijngang\inc\enqueue.php on line 30
[29-Aug-2025 11:42:07 UTC] PHP Warning:  filemtime(): stat failed for D:\Projects\DeMijnGang_Website\LocalWP\app\public/wp-content/themes/understrap/js/theme-bootstrap4.min.js in D:\Projects\DeMijnGang_Website\LocalWP\app\public\wp-content\themes\demijngang\inc\enqueue.php on line 40
[29-Aug-2025 11:42:10 UTC] PHP Warning:  filemtime(): stat failed for D:\Projects\DeMijnGang_Website\LocalWP\app\public/wp-content/themes/understrap/css/theme-bootstrap4.min.css in D:\Projects\DeMijnGang_Website\LocalWP\app\public\wp-content\themes\demijngang\inc\enqueue.php on line 30
[29-Aug-2025 11:42:10 UTC] PHP Warning:  filemtime(): stat failed for D:\Projects\DeMijnGang_Website\LocalWP\app\public/wp-content/themes/understrap/js/theme-bootstrap4.min.js in D:\Projects\DeMijnGang_Website\LocalWP\app\public\wp-content\themes\demijngang\inc\enqueue.php on line 40
[19-Sep-2025 11:22:43 UTC] PHP Parse error:  syntax error, unexpected token "}", expecting ";" in D:\Projects\DeMijnGang_Website\LocalWP\app\public\wp-content\themes\demijngang\functions.php on line 97
[19-Sep-2025 11:22:43 UTC] PHP Parse error:  syntax error, unexpected token "}", expecting ";" in D:\Projects\DeMijnGang_Website\LocalWP\app\public\wp-content\themes\demijngang\functions.php on line 97
[19-Sep-2025 11:22:43 UTC] PHP Parse error:  syntax error, unexpected token "}", expecting ";" in D:\Projects\DeMijnGang_Website\LocalWP\app\public\wp-content\themes\demijngang\functions.php on line 97
[19-Sep-2025 11:22:51 UTC] PHP Parse error:  syntax error, unexpected token "}", expecting ";" in D:\Projects\DeMijnGang_Website\LocalWP\app\public\wp-content\themes\demijngang\functions.php on line 97
[19-Sep-2025 11:22:51 UTC] PHP Parse error:  syntax error, unexpected token "}", expecting ";" in D:\Projects\DeMijnGang_Website\LocalWP\app\public\wp-content\themes\demijngang\functions.php on line 97
[19-Sep-2025 11:22:51 UTC] PHP Parse error:  syntax error, unexpected token "}", expecting ";" in D:\Projects\DeMijnGang_Website\LocalWP\app\public\wp-content\themes\demijngang\functions.php on line 97
[19-Sep-2025 11:22:59 UTC] PHP Parse error:  syntax error, unexpected end of file in D:\Projects\DeMijnGang_Website\LocalWP\app\public\wp-content\themes\demijngang\functions.php on line 98
[19-Sep-2025 11:22:59 UTC] PHP Parse error:  syntax error, unexpected end of file in D:\Projects\DeMijnGang_Website\LocalWP\app\public\wp-content\themes\demijngang\functions.php on line 98
[19-Sep-2025 11:22:59 UTC] PHP Parse error:  syntax error, unexpected end of file in D:\Projects\DeMijnGang_Website\LocalWP\app\public\wp-content\themes\demijngang\functions.php on line 98
[19-Sep-2025 11:25:08 UTC] PHP Warning:  Undefined variable $date in D:\Projects\DeMijnGang_Website\LocalWP\app\public\wp-content\themes\demijngang\footer.php on line 29
[19-Sep-2025 11:25:09 UTC] PHP Warning:  Undefined variable $date in D:\Projects\DeMijnGang_Website\LocalWP\app\public\wp-content\themes\demijngang\footer.php on line 29
[19-Sep-2025 11:25:09 UTC] PHP Warning:  Undefined variable $date in D:\Projects\DeMijnGang_Website\LocalWP\app\public\wp-content\themes\demijngang\footer.php on line 29
[19-Sep-2025 11:25:09 UTC] PHP Warning:  Undefined variable $date in D:\Projects\DeMijnGang_Website\LocalWP\app\public\wp-content\themes\demijngang\footer.php on line 29
